// Vitest Snapshot v1, https://vitest.dev/guide/snapshot.html

exports[`createTerrainNoise > snapshot heightmap reproducible con seed fijo 1`] = `
[
  [
    0,
    -0.4,
    -0.62,
    -0.52,
  ],
  [
    -0.4,
    -0.74,
    -0.88,
    -0.77,
  ],
  [
    -0.62,
    -0.88,
    -0.98,
    -0.94,
  ],
  [
    -0.56,
    -0.78,
    -0.94,
    -1,
  ],
]
`;

exports[`terrainHeight > snapshot heightmap reproducible (8x8 con seed 2024) 1`] = `
[
  [
    3,
    2,
    2,
    2,
    1,
    1,
    1,
    1,
  ],
  [
    2,
    2,
    1,
    1,
    1,
    1,
    1,
    1,
  ],
  [
    2,
    1,
    1,
    1,
    1,
    0,
    0,
    1,
  ],
  [
    2,
    1,
    1,
    0,
    0,
    0,
    0,
    0,
  ],
  [
    1,
    1,
    1,
    0,
    0,
    -0,
    -0,
    -0,
  ],
  [
    1,
    1,
    0,
    0,
    -0,
    -0,
    -0,
    -0,
  ],
  [
    1,
    1,
    0,
    0,
    -0,
    -0,
    -0,
    -0,
  ],
  [
    1,
    1,
    1,
    0,
    -0,
    -0,
    -0,
    -1,
  ],
]
`;
